
============================================================
  TEST DE CORRECCION DE CUPOS - Sistema de Asignacion SAC
============================================================

=== CREANDO DATOS DE PRUEBA ===

Perφodo activo: <services.periodo_service.Periodo object at 0x000001D1A52D6E40>
Ruta: data/periodos/2025-2

Carrera: Ingenierφa en Sistemas - 200 cupos
Carrera: Ingenierφa Industrial - 200 cupos
Carrera: Administraci≤n de Empresas - 200 cupos
Carrera: Contabilidad - 200 cupos
Carrera: Derecho - 200 cupos

Ofertas guardadas: 5

Postulantes cargados: 2000


==================================================
ESTADO INICIAL:
  Cupos totales: 1000
  Postulantes: 2000
  Esperado: 1000 asignados, 1000 no asignados
==================================================


=== EJECUTANDO ASIGNACI╙N ===

DIAGN╙STICO PRE-ASIGNACI╙N:

=== DIAGN╙STICO DE OFERTAS ===
Total de carreras: 5

Carrera: Ingenierφa en Sistemas
  Total cupos: 200
  Cupos disponibles: 200
  Cupos consumidos: 0

Carrera: Ingenierφa Industrial
  Total cupos: 200
  Cupos disponibles: 200
  Cupos consumidos: 0

Carrera: Administraci≤n de Empresas
  Total cupos: 200
  Cupos disponibles: 200
  Cupos consumidos: 0

Carrera: Contabilidad
  Total cupos: 200
  Cupos disponibles: 200
  Cupos consumidos: 0

Carrera: Derecho
  Total cupos: 200
  Cupos disponibles: 200
  Cupos consumidos: 0

TOTALES:
  Total de cupos en el perφodo: 1000
  Cupos disponibles: 1000
  Cupos consumidos: 0
  Carreras sin cupos: 0
========================================

Iniciando proceso de asignaci≤n...

[RESETEAR] Ingenierφa en Sistemas: 200 cupos
[RESETEAR] Ingenierφa Industrial: 200 cupos
[RESETEAR] Administraci≤n de Empresas: 200 cupos
[RESETEAR] Contabilidad: 200 cupos
[RESETEAR] Derecho: 200 cupos
[ASIGNACI╙N] Cupos disponibles: 1000
[ASIGNACI╙N] Postulantes a asignar: 2000
[ASIGNACI╙N] Ratio: 2000/1000
Estrategia ejecutada: Vulnerabilidad Socioecon≤mica
Estrategia ejecutada: MΘrito AcadΘmico
Estrategia ejecutada: Otros Reconocimientos al MΘrito
Estrategia ejecutada: Bachilleres Pueblos y Nacionalidades
Estrategia ejecutada: Bachilleres Generales
Estrategia ejecutada: Poblaci≤n General
[ASIGNADOR] Cupos consumidos: 1000
[ASIGNADOR] Estudiantes asignados: 1000
[ASIGNACI╙N] Resultado: 1000 asignados, 1000 no asignados

Asignaci≤n completada

DIAGN╙STICO POST-ASIGNACI╙N:

=== DIAGN╙STICO DE OFERTAS ===
Total de carreras: 5

Carrera: Ingenierφa en Sistemas
  Total cupos: 200
  Cupos disponibles: 0
  Cupos consumidos: 200

Carrera: Ingenierφa Industrial
  Total cupos: 200
  Cupos disponibles: 0
  Cupos consumidos: 200

Carrera: Administraci≤n de Empresas
  Total cupos: 200
  Cupos disponibles: 0
  Cupos consumidos: 200

Carrera: Contabilidad
  Total cupos: 200
  Cupos disponibles: 0
  Cupos consumidos: 200

Carrera: Derecho
  Total cupos: 200
  Cupos disponibles: 0
  Cupos consumidos: 200

TOTALES:
  Total de cupos en el perφodo: 1000
  Cupos disponibles: 0
  Cupos consumidos: 1000
  Carreras sin cupos: 5
  Listado: Ingenierφa en Sistemas, Ingenierφa Industrial, Administraci≤n de Empresas, Contabilidad, Derecho
========================================


=== VALIDACI╙N DE RESULTADOS ===

Total resultados: 2000
Asignados: 1000
No asignados: 1000

Distribuci≤n por carrera:
  Administraci≤n de Empresas: 200
  Contabilidad: 200
  Derecho: 200
  Ingenierφa Industrial: 200
  Ingenierφa en Sistemas: 200

==================================================
EXITO: Exactamente 1000 asignados

La correccin de cupos funciona correctamente!
